auto-auto-auto/main.cpp:35:3: warning: auto can be used here. [-Wclazy-auto-auto-auto]
auto-auto-auto/main.cpp:36:3: warning: auto can be used here. [-Wclazy-auto-auto-auto]
auto-auto-auto/main.cpp:37:3: warning: auto can be used here. [-Wclazy-auto-auto-auto]
auto-auto-auto/main.cpp:38:3: warning: auto can be used here. [-Wclazy-auto-auto-auto]
auto-auto-auto/main.cpp:39:3: warning: auto can be used here. [-Wclazy-auto-auto-auto]
auto-auto-auto/main.cpp:40:3: warning: auto can be used here. [-Wclazy-auto-auto-auto]
auto-auto-auto/main.cpp:41:3: warning: auto can be used here. [-Wclazy-auto-auto-auto]
auto-auto-auto/main.cpp:43:3: warning: auto can be used here. [-Wclazy-auto-auto-auto]
auto-auto-auto/main.cpp:44:3: warning: auto can be used here. [-Wclazy-auto-auto-auto]
auto-auto-auto/main.cpp:45:3: warning: auto can be used here. [-Wclazy-auto-auto-auto]
auto-auto-auto/main.cpp:47:3: warning: auto can be used here. [-Wclazy-auto-auto-auto]
auto-auto-auto/main.cpp:49:3: warning: auto can be used here. [-Wclazy-auto-auto-auto]
auto-auto-auto/main.cpp:51:3: warning: auto can be used here. [-Wclazy-auto-auto-auto]
auto-auto-auto/main.cpp:52:3: warning: auto can be used here. [-Wclazy-auto-auto-auto]
auto-auto-auto/main.cpp:53:3: warning: auto can be used here. [-Wclazy-auto-auto-auto]
auto-auto-auto/main.cpp:54:3: warning: auto can be used here. [-Wclazy-auto-auto-auto]
auto-auto-auto/main.cpp:56:3: warning: auto can be used here. [-Wclazy-auto-auto-auto]
auto-auto-auto/main.cpp:58:3: warning: auto can be used here. [-Wclazy-auto-auto-auto]
auto-auto-auto/main.cpp:59:3: warning: auto can be used here. [-Wclazy-auto-auto-auto]
auto-auto-auto/main.cpp:60:3: warning: auto can be used here. [-Wclazy-auto-auto-auto]
auto-auto-auto/main.cpp:62:3: warning: auto can be used here. [-Wclazy-auto-auto-auto]
auto-auto-auto/main.cpp:63:3: warning: auto can be used here. [-Wclazy-auto-auto-auto]
auto-auto-auto/main.cpp:65:3: warning: auto can be used here. [-Wclazy-auto-auto-auto]
auto-auto-auto/main.cpp:66:3: warning: auto can be used here. [-Wclazy-auto-auto-auto]
auto-auto-auto/main.cpp:68:3: warning: auto can be used here. [-Wclazy-auto-auto-auto]
auto-auto-auto/main.cpp:69:3: warning: auto can be used here. [-Wclazy-auto-auto-auto]
auto-auto-auto/main.cpp:71:3: warning: auto can be used here. [-Wclazy-auto-auto-auto]
auto-auto-auto/main.cpp:72:3: warning: auto can be used here. [-Wclazy-auto-auto-auto]
auto-auto-auto/main.cpp:73:3: warning: auto can be used here. [-Wclazy-auto-auto-auto]
auto-auto-auto/main.cpp:74:3: warning: auto can be used here. [-Wclazy-auto-auto-auto]
auto-auto-auto/main.cpp:75:3: warning: auto can be used here. [-Wclazy-auto-auto-auto]
auto-auto-auto/main.cpp:77:3: warning: auto can be used here. [-Wclazy-auto-auto-auto]
auto-auto-auto/main.cpp:78:3: warning: auto can be used here. [-Wclazy-auto-auto-auto]
auto-auto-auto/main.cpp:79:3: warning: auto can be used here. [-Wclazy-auto-auto-auto]
auto-auto-auto/main.cpp:81:8: warning: auto can be used here. [-Wclazy-auto-auto-auto]
auto-auto-auto/main.cpp:102:3: warning: single statement declares multiple variables of different types [-Wclazy-auto-auto-auto]
auto-auto-auto/main.cpp:104:3: warning: single statement declares multiple variables of different types [-Wclazy-auto-auto-auto]
